
Gurobi 12.0.1 (win64, gurobi_cl) logging started Sun May 25 13:30:35 2025

Set parameter Username
Set parameter LicenseID to value 2636207
Set parameter LogFile to value "gurobi.log"
Using license file c:\gurobi1201\gurobi.lic
Academic license - for non-commercial use only - expires 2026-03-13

Gurobi 12.0.1 (win64, gurobi_cl) logging started Tue May 27 11:18:38 2025

Set parameter Username
Set parameter LicenseID to value 2636207
Set parameter LogFile to value "gurobi.log"
Using license file c:\gurobi1201\gurobi.lic
Academic license - for non-commercial use only - expires 2026-03-13

Gurobi 12.0.1 (win64, gurobi_cl) logging started Wed Jul 23 13:07:39 2025

Set parameter Username
Set parameter LicenseID to value 2636207
Set parameter LogFile to value "gurobi.log"
Using license file c:\gurobi1201\gurobi.lic
Academic license - for non-commercial use only - expires 2026-03-13

Gurobi 12.0.1 (win64, gurobi_cl) logging started Wed Jul 23 14:42:06 2025

Set parameter Username
Set parameter LicenseID to value 2636207
Set parameter LogFile to value "gurobi.log"
Using license file c:\gurobi1201\gurobi.lic
Academic license - for non-commercial use only - expires 2026-03-13

Gurobi 12.0.3 (win64, gurobi_cl) logging started Mon Aug  4 17:35:57 2025

Set parameter Username
Set parameter LicenseID to value 2636207
Set parameter LogFile to value "gurobi.log"
Using license file C:\Users\Marie\gurobi.lic
Academic license - for non-commercial use only - expires 2026-03-13
